mode: set
github.com/irabeny89/gateman/encryption/encryption.go:24.56,26.16 2 1
github.com/irabeny89/gateman/encryption/encryption.go:26.16,28.3 1 0
github.com/irabeny89/gateman/encryption/encryption.go:30.2,31.16 2 1
github.com/irabeny89/gateman/encryption/encryption.go:31.16,33.3 1 0
github.com/irabeny89/gateman/encryption/encryption.go:35.2,36.59 2 1
github.com/irabeny89/gateman/encryption/encryption.go:36.59,38.3 1 0
github.com/irabeny89/gateman/encryption/encryption.go:40.2,40.60 1 1
github.com/irabeny89/gateman/encryption/encryption.go:56.57,58.16 2 1
github.com/irabeny89/gateman/encryption/encryption.go:58.16,60.3 1 0
github.com/irabeny89/gateman/encryption/encryption.go:62.2,63.16 2 1
github.com/irabeny89/gateman/encryption/encryption.go:63.16,65.3 1 0
github.com/irabeny89/gateman/encryption/encryption.go:67.2,68.33 2 1
github.com/irabeny89/gateman/encryption/encryption.go:68.33,70.3 1 0
github.com/irabeny89/gateman/encryption/encryption.go:72.2,73.62 2 1
github.com/irabeny89/gateman/jwt/jwt.go:44.93,47.2 2 0
github.com/irabeny89/gateman/jwt/jwt.go:49.99,52.2 2 0
github.com/irabeny89/gateman/jwt/jwt.go:54.94,57.2 2 0
github.com/irabeny89/gateman/jwt/jwt.go:59.89,62.2 2 0
github.com/irabeny89/gateman/jwt/jwt.go:64.86,67.2 2 0
github.com/irabeny89/gateman/jwt/jwt.go:69.95,72.2 2 0
github.com/irabeny89/gateman/jwt/jwt.go:74.90,77.2 2 0
github.com/irabeny89/gateman/jwt/jwt.go:86.82,88.27 2 1
github.com/irabeny89/gateman/jwt/jwt.go:88.27,90.3 1 1
github.com/irabeny89/gateman/jwt/jwt.go:91.2,91.28 1 1
github.com/irabeny89/gateman/jwt/jwt.go:91.28,93.3 1 1
github.com/irabeny89/gateman/jwt/jwt.go:94.2,94.24 1 1
github.com/irabeny89/gateman/jwt/jwt.go:94.24,96.3 1 0
github.com/irabeny89/gateman/jwt/jwt.go:97.2,105.3 1 1
github.com/irabeny89/gateman/jwt/jwt.go:119.90,124.2 1 1
github.com/irabeny89/gateman/jwt/jwt.go:176.67,179.2 2 1
github.com/irabeny89/gateman/jwt/jwt.go:190.67,191.96 1 1
github.com/irabeny89/gateman/jwt/jwt.go:191.96,193.3 1 1
github.com/irabeny89/gateman/jwt/jwt.go:194.2,194.16 1 1
github.com/irabeny89/gateman/jwt/jwt.go:194.16,196.3 1 0
github.com/irabeny89/gateman/jwt/jwt.go:197.2,197.64 1 1
github.com/irabeny89/gateman/jwt/jwt.go:197.64,199.3 1 1
github.com/irabeny89/gateman/jwt/jwt.go:200.2,200.37 1 0
github.com/irabeny89/gateman/middleware/middleware.go:37.88,38.71 1 1
github.com/irabeny89/gateman/middleware/middleware.go:38.71,42.58 4 1
github.com/irabeny89/gateman/middleware/middleware.go:42.58,43.36 1 1
github.com/irabeny89/gateman/middleware/middleware.go:43.36,44.42 1 1
github.com/irabeny89/gateman/middleware/middleware.go:44.42,46.6 1 1
github.com/irabeny89/gateman/middleware/middleware.go:48.4,48.16 1 1
github.com/irabeny89/gateman/middleware/middleware.go:50.3,50.17 1 1
github.com/irabeny89/gateman/middleware/middleware.go:50.17,54.4 3 1
github.com/irabeny89/gateman/middleware/middleware.go:55.3,55.58 1 1
github.com/irabeny89/gateman/middleware/middleware.go:55.58,59.4 3 1
github.com/irabeny89/gateman/middleware/middleware.go:61.3,62.40 2 1
github.com/irabeny89/gateman/middleware/middleware.go:79.91,80.71 1 1
github.com/irabeny89/gateman/middleware/middleware.go:80.71,81.36 1 1
github.com/irabeny89/gateman/middleware/middleware.go:81.36,88.4 2 1
github.com/irabeny89/gateman/middleware/middleware.go:89.3,89.32 1 1
github.com/irabeny89/gateman/middleware/middleware.go:89.32,92.4 2 1
github.com/irabeny89/gateman/middleware/middleware.go:93.3,109.17 4 1
github.com/irabeny89/gateman/middleware/middleware.go:109.17,112.4 2 1
github.com/irabeny89/gateman/middleware/middleware.go:113.3,114.18 2 1
github.com/irabeny89/gateman/middleware/middleware.go:114.18,117.20 3 1
github.com/irabeny89/gateman/middleware/middleware.go:117.20,118.33 1 1
github.com/irabeny89/gateman/middleware/middleware.go:118.33,119.40 1 1
github.com/irabeny89/gateman/middleware/middleware.go:119.40,122.7 2 0
github.com/irabeny89/gateman/middleware/middleware.go:123.6,124.12 2 1
github.com/irabeny89/gateman/middleware/middleware.go:126.5,127.11 2 1
github.com/irabeny89/gateman/middleware/middleware.go:130.4,136.18 2 1
github.com/irabeny89/gateman/middleware/middleware.go:136.18,139.5 2 0
github.com/irabeny89/gateman/middleware/middleware.go:140.4,140.24 1 1
github.com/irabeny89/gateman/middleware/middleware.go:141.9,143.38 2 1
github.com/irabeny89/gateman/middleware/middleware.go:143.38,146.5 2 0
github.com/irabeny89/gateman/middleware/middleware.go:147.4,147.24 1 1
github.com/irabeny89/gateman/password/password.go:13.39,19.2 4 1
github.com/irabeny89/gateman/password/password.go:21.44,23.24 2 1
github.com/irabeny89/gateman/password/password.go:23.24,25.6 1 0
github.com/irabeny89/gateman/password/password.go:26.5,28.19 3 1
github.com/irabeny89/gateman/password/password.go:28.19,30.6 1 0
github.com/irabeny89/gateman/password/password.go:32.5,34.44 2 1
